<html>
<body>
<pre>
<h1>µVision Build Log</h1>
<h2>Tool Versions:</h2>
IDE-Version: µVision V5.26.2.0
Copyright (C) 2018 ARM Ltd and ARM Germany GmbH. All rights reserved.
License Information: 1 1, 1, LIC=----
 
Tool Versions:
Toolchain:       MDK-Lite  Version: 5.26.2.0
Toolchain Path:  C:\Keil_v5\ARM\ARMCC\Bin
C Compiler:      Armcc.exe V5.06 update 6 (build 750)
Assembler:       Armasm.exe V5.06 update 6 (build 750)
Linker/Locator:  ArmLink.exe V5.06 update 6 (build 750)
Library Manager: ArmAr.exe V5.06 update 6 (build 750)
Hex Converter:   FromElf.exe V5.06 update 6 (build 750)
CPU DLL:         SARMCM3.DLL V5.26.2.0
Dialog DLL:      DCM.DLL V1.17.2.0
Target DLL:      STLink\ST-LINKIII-KEIL_SWO.dll V3.0.5.0
Dialog DLL:      TCM.DLL V1.36.1.0
 
<h2>Project:</h2>
C:\Users\VIETANH\Desktop\Motor_Driver-test_idea\Motor_Driver-test_idea\Motor_Driver\MDK-ARM\Motor_Driver.uvprojx
Project File Date:  12/02/2018

<h2>Output:</h2>
*** Using Compiler 'V5.06 update 6 (build 750)', folder: 'C:\Keil_v5\ARM\ARMCC\Bin'
Build target 'Motor_Driver'
compiling stm32f1xx_hal_lcd1602.c...
..\Custom_Library\stm32f1xx_hal_lcd1602.c(14): warning:  #188-D: enumerated type mixed with another type
  HAL_GPIO_WritePin(GPIOA,GPIO_PIN_4,Data&0x01);
..\Custom_Library\stm32f1xx_hal_lcd1602.c(15): warning:  #188-D: enumerated type mixed with another type
  HAL_GPIO_WritePin(GPIOA,GPIO_PIN_7,(Data>>1)&0x01);
..\Custom_Library\stm32f1xx_hal_lcd1602.c(16): warning:  #188-D: enumerated type mixed with another type
  HAL_GPIO_WritePin(GPIOA,GPIO_PIN_9,(Data>>2)&0x01);
..\Custom_Library\stm32f1xx_hal_lcd1602.c(17): warning:  #188-D: enumerated type mixed with another type
  HAL_GPIO_WritePin(GPIOA,GPIO_PIN_10,(Data>>3)&0x01);	
..\Custom_Library\stm32f1xx_hal_lcd1602.c(95): warning:  #1-D: last line of file ends without a newline
  }
..\Custom_Library\stm32f1xx_hal_lcd1602.c: 5 warnings, 0 errors
linking...
Program Size: Code=3940 RO-data=292 RW-data=16 ZI-data=1088  
FromELF: creating hex file...
"Motor_Driver\Motor_Driver.axf" - 0 Error(s), 5 Warning(s).

<h2>Software Packages used:</h2>

Package Vendor: ARM
                http://www.keil.com/pack/ARM.CMSIS.5.4.0.pack
                ARM.CMSIS.5.4.0
                CMSIS (Cortex Microcontroller Software Interface Standard)
   * Component: CORE Version: 5.1.2

Package Vendor: Keil
                http://www.keil.com/pack/Keil.STM32F1xx_DFP.2.3.0.pack
                Keil.STM32F1xx_DFP.2.3.0
                STMicroelectronics STM32F1 Series Device Support, Drivers and Examples

<h2>Collection of Component include folders:</h2>
  .\RTE\_Motor_Driver
  C:\Keil_v5\ARM\PACK\ARM\CMSIS\5.4.0\CMSIS\Core\Include
  C:\Keil_v5\ARM\PACK\Keil\STM32F1xx_DFP\2.3.0\Device\Include

<h2>Collection of Component Files used:</h2>

   * Component: ARM::CMSIS:CORE:5.1.2
Build Time Elapsed:  00:00:03
</pre>
</body>
</html>
